8086/87/88/186 MACRO ASSEMBLER    GENERAL                                                  13:25:22  12/13/;3  PAGE    1


DOS 5.0 (038-N) 8086/87/88/186 MACRO ASSEMBLER V3.1 ASSEMBLY OF MODULE GENERAL
OBJECT MODULE PLACED IN GENERAL.OBJ
ASSEMBLER INVOKED BY:  C:\5XTOOLS\ASM86.EXE GENERAL.ASM M1 DB EP


LOC  OBJ                  LINE     SOURCE

                             1     NAME        general
                             2     
                             3 +1  $INCLUDE(general.inc);
                      =1     4     ;;;;;;;;;;;;;;;;;;;;;;;;;;;;;;;;;;;;;;;;;;;;;;;;;;;;;;;;;;;;;;;;;;;;;;;;;;;;;
                      =1     5     ;                                                                               ;
                      =1     6     ;                                  General.INC                                  ;
                      =1     7     ;                               General Constants                           ;
                      =1     8     ;                                 Include File                              ;
                      =1     9     ;                                                                           ;
                      =1    10     ;;;;;;;;;;;;;;;;;;;;;;;;;;;;;;;;;;;;;;;;;;;;;;;;;;;;;;;;;;;;;;;;;;;;;;;;;;;;;
                      =1    11     
                      =1    12     ; This file contains general operations
                      =1    13     ;
                      =1    14     ; Revision History:
                      =1    15     ;    11/02/2013                 Created - Anjian Wu
                      =1    16     ;    11/23/2013                 Added WORD_LOOKUP_ADJUST - Anjian Wu
                      =1    17     ;    12/05/2014         Added FMS_ERROR key, ZERO, changed other keys to 
                      =1    18     ;                       ASCII based - Anjian
                      =1    19     
                      =1    20     
                      =1    21     ; General Constants
  000D                =1    22     CAR_RETURN              EQU             13                      ;
  0000                =1    23     ASCII_NULL      EQU     0           ;
  0001                =1    24     bit_size        EQU     1           ;
  0004                =1    25     nibble_size     EQU     4           ;
  0008                =1    26     BYTE_size       EQU     8           ;
  0010                =1    27     WORD_size       EQU     16          ;
  0000                =1    28     ArrayEmpty      EQU     0               ; Empty is set at 0 index
                      =1    29     
  0001                =1    30     TRUE            EQU     1           ;
  0000                =1    31     FALSE           EQU     0           ;
                      =1    32     
  0000                =1    33     RESET           EQU     0           ; General Value for Resetting something
                      =1    34     
  0000                =1    35     CLEAR           EQU     0           ;
                      =1    36     
  0000                =1    37     ZERO            EQU     0           ;
                      =1    38     
  000A                =1    39     DIGIT           EQU     10          ; A digit in base 10 
                      =1    40     
  0001                =1    41     WORD_LOOKUP_ADJUST  EQU    1           ; Two bytes in one word -> SHL by 1
                      =1    42     
                      =1    43     ; General Definitions for Main Loops
                      =1    44     
  0001                =1    45     FIRST_RESERVED_VEC      EQU     1           ;reserve vectors 1-3
  0003                =1    46     LAST_RESERVED_VEC       EQU     3       ;
  0100                =1    47     NUM_IRQ_VECTORS     EQU 256     ;number of interrupt vectors
                      =1    48     
                      =1    49     ; MainLoop Key Codes
                      =1    50     
8086/87/88/186 MACRO ASSEMBLER    GENERAL                                                  13:25:22  12/13/;3  PAGE    2


LOC  OBJ                  LINE     SOURCE

  0000                =1    51     KEY_EVENT_KEY       EQU     0   ; Event code indicating key pressed
  0001                =1    52     SER_ERR_KEY         EQU     1   ; Event code indicating serial error
  0002                =1    53     RX_ENQUEUED_KEY     EQU     2   ; Event code indicating new rx value gotten
  0003                =1    54     MODEM_KEY           EQU     3   ; Event code indicating modem event
  0004                =1    55     FSM_ERROR           EQU     4   ; Error key showing FSM error
                      =1    56     
                      =1    57     ; General Addresses
                      =1    58     
  FF22                =1    59     INTCtrlReg          EQU     0FF22H  ;EOI interrupt controller       
                            60     
                            61     ;;;;;;;;;;;;;;;;;;;;;;;;;;;;;;;;;;;;;;;;;;;;;;;;;;;;;;;;;;;;;;;;;;;;;;;;;;;;;;
                            62     ;                                                                            ;
                            63     ;                                 General Functions                          ;
                            64     ;                                 EE51                                           ;
                            65     ;                                 Anjian Wu                                  ;
                            66     ;                                                                            ;
                            67     ;                                 TA: Pipe-Mazo                              ;
                            68     ;                                                                            ;
                            69     ;;;;;;;;;;;;;;;;;;;;;;;;;;;;;;;;;;;;;;;;;;;;;;;;;;;;;;;;;;;;;;;;;;;;;;;;;;;;;;
                            70     ;                                 What's in here?
                            71     ;
                            72     ;                                   Code Segment
                            73     ;
                            74     ;   XWORDLAT  -   Sets the motor speed by changing PWM width
                            75     ;   no_op     -   Does nothing except return.
                            76     ;
                            77     ;                                 What's was last edit?
                            78     ;
                            79     ;                   Edits by Anjian Wu
                            80     ;                               11-18-2013 - pseudo code
                            81     ;                               12-12-2013 - Add no_op function here
                            82     ;;;;;;;;;;;;;;;;;;;;;;;;;;;;;;;;;;;;;;;;;;;;;;;;;;;;;;;;;;;;;;;;;;;;;;;;;;;;;;
                            83     
                            84     ;Procedure:                     XWORDLAT
                            85     ;
                            86     ;Description:           This function performs the WORD equivalent of XLAT instr.
                            87     ;                   It takes arguments AX as the offset of the Table, BX as the
                            88     ;                   element pointer, and ES as the location of the where the segment
                            89     ;                   should be.
                            90     ;           
                            91     ;                   It will then return the table lookup value in AX.
                            92     ;                   
                            93     ;Operation:                     * Adjust element index for WORD look up
                            94     ;                   * Add in the absolute offset of the table
                            95     ;                   * Grab the value and store word in AX. Then return that.
                            96     ;
                            97     ;Arguments:             AX     -> Offset of WORD look up table
                            98     ;                   BX     -> Element Pointer
                            99     ;                   ES     -> Which segment, CS or DS
                           100     ;
                           101     ;Return Values:         AX     -> The element grabbed.
                           102     ;
                           103     ;
                           104     ;Shared Variables:      None.
                           105     ;
8086/87/88/186 MACRO ASSEMBLER    GENERAL                                                  13:25:22  12/13/;3  PAGE    3


LOC  OBJ                  LINE     SOURCE

                           106     ;Local Variables:       BX -   absolute pointer for table look up
                           107     ;                   
                           108     ;Global Variables:      None.
                           109     ;                                                               
                           110     ;Input:                 none.
                           111     ;
                           112     ;Output:                none.
                           113     ;
                           114     ;Registers Used:        none.
                           115     ;
                           116     ;Stack Depth:           none.
                           117     ;
                           118     ;Known Bugs:            None.
                           119     ;
                           120     ;Data Structures:       None.
                           121     ;
                           122     ;Error Handling:        none.
                           123     ;
                           124     ;Algorithms:            none.
                           125     ;
                           126     ;Limitations:           None.
                           127     ;
                           128     ;
                           129     ;Author:                        Anjian Wu
                           130     ;History:                       11-22-2013: Created - Anjian Wu
                           131     ;------------------------------------------------------------------------------
                           132     
                           133     CGROUP  GROUP   CODE
                           134     
----                       135     CODE    SEGMENT PUBLIC 'CODE'
                           136     
                           137     
                           138             ASSUME  CS:CGROUP
                           139     
                           140     
0000                       141     XWORDLAT                PROC    NEAR
                           142                                     PUBLIC  XWORDLAT    ; Used by many functions
                           143     
                           144     
                           145         
0000 53                    146         PUSH    BX;
0001                       147     XWORDLATBODY:    
0001 D1E3                  148         SHL     BX, WORD_LOOKUP_ADJUST  ; Adjust relative pointer for WORD entries
0003 03D8                  149         ADD     BX, AX                  ; Grab absolute address by adding offset
0005 268B07                150         MOV     AX, ES:[BX]             ; Grab the word from table
                           151         
0008 5B                    152         POP     BX;
                           153         
0009 C3                    154         RET
                           155         
                           156     XWORDLAT ENDP
                           157     
                           158     
                           159     ;Procedure:                     no_op
                           160     ;
8086/87/88/186 MACRO ASSEMBLER    GENERAL                                                  13:25:22  12/13/;3  PAGE    4


LOC  OBJ                  LINE     SOURCE

                           161     ;Description:           Just return (stub function)
                           162     ;        
                           163     ;Arguments:             None.
                           164     ;Return Values:         none.
                           165     ;Shared Variables:      none.
                           166     ;Local Variables:       None.
                           167     ;Global Variables:      None.                   
                           168     ;Input:                 None.
                           169     ;Output:                None.
                           170     ;Registers Used:        None.
                           171     ;Stack Depth:           none.
                           172     ;Known Bugs:            None.
                           173     ;Data Structures:       None.
                           174     ;Error Handling:        None
                           175     ;Algorithms:            None.
                           176     ;Limitations:           None.
                           177     ;Author:                        Anjian Wu
                           178     ;History:                       12-02-2013: Pseudo code - Anjian Wu
                           179     ;                   12-08-2013: Documentation - Anjian Wu
                           180     ;------------------------------------------------------------------------------
000A                       181     no_op        PROC    NEAR
                           182                 PUBLIC   no_op
                           183     
000A C3                    184         RET
                           185         
                           186     no_op   ENDP
                           187                             
----                       188     CODE    ENDS
                           189         
                           190     
                           191             END 

ASSEMBLY COMPLETE, NO ERRORS FOUND
